src/components/ui/Button.tsx(1,10): error TS1484: 'ButtonHTMLAttributes' is a type and must be imported using a type-only import when 'verbatimModuleSyntax' is enabled.
src/components/ui/Card.tsx(1,10): error TS1484: 'HTMLAttributes' is a type and must be imported using a type-only import when 'verbatimModuleSyntax' is enabled.
src/components/ui/Input.tsx(1,10): error TS1484: 'InputHTMLAttributes' is a type and must be imported using a type-only import when 'verbatimModuleSyntax' is enabled.
src/pages/Dashboard/index.tsx(11,9): error TS6133: 'inProgress' is declared but its value is never read.
src/pages/Issues/index.tsx(5,28): error TS6133: 'CheckCircle' is declared but its value is never read.
src/pages/Issues/index.tsx(5,41): error TS6133: 'Clock' is declared but its value is never read.
src/pages/Landing/index.tsx(3,39): error TS6133: 'Shield' is declared but its value is never read.
